AR fms behavioral C:/hlocal/EjerciciosTOC/Practica2/FMS.vhd sub00/vhpl01 1508426320
EN divisor NULL C:/hlocal/EjerciciosTOC/Practica2/divisor(1).vhd sub00/vhpl02 1508426317
EN fms NULL C:/hlocal/EjerciciosTOC/Practica2/FMS.vhd sub00/vhpl00 1508426319
AR divisor divisor_arch C:/hlocal/EjerciciosTOC/Practica2/divisor(1).vhd sub00/vhpl03 1508426318
