V3 7
FL C:/hlocal/EjerciciosTOC/Practica2/divisor(1).vhd 2017/10/18.18:59:40 P.20131013
EN work/divisor 1508426317 FL C:/hlocal/EjerciciosTOC/Practica2/divisor(1).vhd \
      PB ieee/std_logic_1164 1381692176 PB ieee/STD_LOGIC_UNSIGNED 1381692179
AR work/divisor/divisor_arch 1508426318 \
      FL C:/hlocal/EjerciciosTOC/Practica2/divisor(1).vhd EN work/divisor 1508426317
FL C:/hlocal/EjerciciosTOC/Practica2/FMS.vhd 2017/10/19.17:18:11 P.20131013
EN work/FMS 1508426319 FL C:/hlocal/EjerciciosTOC/Practica2/FMS.vhd \
      PB ieee/std_logic_1164 1381692176
AR work/FMS/Behavioral 1508426320 \
      FL C:/hlocal/EjerciciosTOC/Practica2/FMS.vhd EN work/FMS 1508426319 \
      CP divisor
