Release 14.7 - xst P.20131013 (nt64)
Copyright (c) 1995-2013 Xilinx, Inc.  All rights reserved.
--> Parameter TMPDIR set to xst/projnav.tmp


Total REAL time to Xst completion: 0.00 secs
Total CPU time to Xst completion: 0.18 secs
 
--> Parameter xsthdpdir set to xst


Total REAL time to Xst completion: 0.00 secs
Total CPU time to Xst completion: 0.18 secs
 
--> Reading design: FMS.prj

TABLE OF CONTENTS
  1) Synthesis Options Summary
  2) HDL Compilation
  3) Design Hierarchy Analysis
  4) HDL Analysis
  5) HDL Synthesis
     5.1) HDL Synthesis Report
  6) Advanced HDL Synthesis
     6.1) Advanced HDL Synthesis Report
  7) Low Level Synthesis
  8) Partition Report
  9) Final Report
	9.1) Device utilization summary
	9.2) Partition Resource Summary
	9.3) TIMING REPORT


=========================================================================
*                      Synthesis Options Summary                        *
=========================================================================
---- Source Parameters
Input File Name                    : "FMS.prj"
Input Format                       : mixed
Ignore Synthesis Constraint File   : NO

---- Target Parameters
Output File Name                   : "FMS"
Output Format                      : NGC
Target Device                      : xc3s1000-4-ft256

---- Source Options
Top Module Name                    : FMS
Automatic FSM Extraction           : YES
FSM Encoding Algorithm             : Auto
Safe Implementation                : No
FSM Style                          : LUT
RAM Extraction                     : Yes
RAM Style                          : Auto
ROM Extraction                     : Yes
Mux Style                          : Auto
Decoder Extraction                 : YES
Priority Encoder Extraction        : Yes
Shift Register Extraction          : YES
Logical Shifter Extraction         : YES
XOR Collapsing                     : YES
ROM Style                          : Auto
Mux Extraction                     : Yes
Resource Sharing                   : YES
Asynchronous To Synchronous        : NO
Multiplier Style                   : Auto
Automatic Register Balancing       : No

---- Target Options
Add IO Buffers                     : YES
Global Maximum Fanout              : 100000
Add Generic Clock Buffer(BUFG)     : 8
Register Duplication               : YES
Slice Packing                      : YES
Optimize Instantiated Primitives   : NO
Use Clock Enable                   : Yes
Use Synchronous Set                : Yes
Use Synchronous Reset              : Yes
Pack IO Registers into IOBs        : Auto
Equivalent register Removal        : YES

---- General Options
Optimization Goal                  : Speed
Optimization Effort                : 1
Keep Hierarchy                     : No
Netlist Hierarchy                  : As_Optimized
RTL Output                         : Yes
Global Optimization                : AllClockNets
Read Cores                         : YES
Write Timing Constraints           : NO
Cross Clock Analysis               : NO
Hierarchy Separator                : /
Bus Delimiter                      : <>
Case Specifier                     : Maintain
Slice Utilization Ratio            : 100
BRAM Utilization Ratio             : 100
Verilog 2001                       : YES
Auto BRAM Packing                  : NO
Slice Utilization Ratio Delta      : 5

=========================================================================


=========================================================================
*                          HDL Compilation                              *
=========================================================================
Compiling vhdl file "C:/hlocal/EjerciciosTOC/Practica2/divisor(1).vhd" in Library work.
Architecture divisor_arch of Entity divisor is up to date.
Compiling vhdl file "C:/hlocal/EjerciciosTOC/Practica2/FMS.vhd" in Library work.
Entity <fms> compiled.
Entity <fms> (Architecture <behavioral>) compiled.

=========================================================================
*                     Design Hierarchy Analysis                         *
=========================================================================
Analyzing hierarchy for entity <FMS> in library <work> (architecture <behavioral>).

Analyzing hierarchy for entity <divisor> in library <work> (architecture <divisor_arch>).


=========================================================================
*                            HDL Analysis                               *
=========================================================================
Analyzing Entity <FMS> in library <work> (Architecture <behavioral>).
Entity <FMS> analyzed. Unit <FMS> generated.

Analyzing Entity <divisor> in library <work> (Architecture <divisor_arch>).
Entity <divisor> analyzed. Unit <divisor> generated.


=========================================================================
*                           HDL Synthesis                               *
=========================================================================

Performing bidirectional port resolution...

Synthesizing Unit <divisor>.
    Related source file is "C:/hlocal/EjerciciosTOC/Practica2/divisor(1).vhd".
    Found 1-bit register for signal <clk_aux>.
    Found 26-bit up counter for signal <cuenta>.
    Summary:
	inferred   1 Counter(s).
	inferred   1 D-type flip-flop(s).
Unit <divisor> synthesized.


Synthesizing Unit <FMS>.
    Related source file is "C:/hlocal/EjerciciosTOC/Practica2/FMS.vhd".
    Found finite state machine <FSM_0> for signal <ESTADO_ACT>.
    -----------------------------------------------------------------------
    | States             | 10                                             |
    | Transitions        | 17                                             |
    | Inputs             | 2                                              |
    | Outputs            | 5                                              |
    | Clock              | clk_inter                 (rising_edge)        |
    | Reset              | rst                       (positive)           |
    | Reset type         | synchronous                                    |
    | Reset State        | espera                                         |
    | Power Up State     | espera                                         |
    | Encoding           | automatic                                      |
    | Implementation     | LUT                                            |
    -----------------------------------------------------------------------
    Summary:
	inferred   1 Finite State Machine(s).
Unit <FMS> synthesized.


=========================================================================
HDL Synthesis Report

Macro Statistics
# Counters                                             : 1
 26-bit up counter                                     : 1
# Registers                                            : 1
 1-bit register                                        : 1

=========================================================================

=========================================================================
*                       Advanced HDL Synthesis                          *
=========================================================================

Analyzing FSM <FSM_0> for best encoding.
Optimizing FSM <ESTADO_ACT/FSM> on signal <ESTADO_ACT[1:10]> with one-hot encoding.
-------------------------
 State     | Encoding
-------------------------
 espera    | 0000000001
 ilu_coord | 0000000010
 rapido    | 0000000100
 medio     | 0000001000
 lento     | 0000100000
 error     | 0010000000
 l_rapido  | 0000010000
 l_medio   | 0001000000
 l_lento   | 0100000000
 l_error   | 1000000000
-------------------------

=========================================================================
Advanced HDL Synthesis Report

Macro Statistics
# FSMs                                                 : 1
# Counters                                             : 1
 26-bit up counter                                     : 1
# Registers                                            : 1
 Flip-Flops                                            : 1

=========================================================================

=========================================================================
*                         Low Level Synthesis                           *
=========================================================================

Optimizing unit <FMS> ...

Mapping all equations...
Building and optimizing final netlist ...
Found area constraint ratio of 100 (+ 5) on block FMS, actual ratio is 0.

Final Macro Processing ...

=========================================================================
Final Register Report

Macro Statistics
# Registers                                            : 37
 Flip-Flops                                            : 37

=========================================================================

=========================================================================
*                           Partition Report                            *
=========================================================================

Partition Implementation Status
-------------------------------

  No Partitions were found in this design.

-------------------------------

=========================================================================
*                            Final Report                               *
=========================================================================
Final Results
RTL Top Level Output File Name     : FMS.ngr
Top Level Output File Name         : FMS
Output Format                      : NGC
Optimization Goal                  : Speed
Keep Hierarchy                     : No

Design Statistics
# IOs                              : 9

Cell Usage :
# BELS                             : 102
#      GND                         : 1
#      INV                         : 2
#      LUT1                        : 25
#      LUT2                        : 4
#      LUT2_L                      : 1
#      LUT4                        : 10
#      MUXCY                       : 32
#      VCC                         : 1
#      XORCY                       : 26
# FlipFlops/Latches                : 37
#      FDE                         : 1
#      FDR                         : 34
#      FDRSE                       : 1
#      FDS                         : 1
# Clock Buffers                    : 1
#      BUFGP                       : 1
# IO Buffers                       : 8
#      IBUF                        : 3
#      OBUF                        : 5
=========================================================================

Device utilization summary:
---------------------------

Selected Device : 3s1000ft256-4 

 Number of Slices:                       24  out of   7680     0%  
 Number of Slice Flip Flops:             37  out of  15360     0%  
 Number of 4 input LUTs:                 42  out of  15360     0%  
 Number of IOs:                           9
 Number of bonded IOBs:                   9  out of    173     5%  
 Number of GCLKs:                         1  out of      8    12%  

---------------------------
Partition Resource Summary:
---------------------------

  No Partitions were found in this design.

---------------------------


=========================================================================
TIMING REPORT

NOTE: THESE TIMING NUMBERS ARE ONLY A SYNTHESIS ESTIMATE.
      FOR ACCURATE TIMING INFORMATION PLEASE REFER TO THE TRACE REPORT
      GENERATED AFTER PLACE-and-ROUTE.

Clock Information:
------------------
-----------------------------------+--------------------------+-------+
Clock Signal                       | Clock buffer(FF name)    | Load  |
-----------------------------------+--------------------------+-------+
clk                                | BUFGP                    | 27    |
divider_1/clk_aux                  | NONE(ESTADO_ACT_FSM_FFd3)| 10    |
-----------------------------------+--------------------------+-------+
INFO:Xst:2169 - HDL ADVISOR - Some clock signals were not automatically buffered by XST with BUFG/BUFR resources. Please use the buffer_type constraint in order to insert these buffers to the clock signals to help prevent skew problems.

Asynchronous Control Signals Information:
----------------------------------------
No asynchronous control signals found in this design

Timing Summary:
---------------
Speed Grade: -4

   Minimum period: 6.438ns (Maximum Frequency: 155.317MHz)
   Minimum input arrival time before clock: 2.981ns
   Maximum output required time after clock: 7.271ns
   Maximum combinational path delay: No path found

Timing Detail:
--------------
All values displayed in nanoseconds (ns)

=========================================================================
Timing constraint: Default period analysis for Clock 'clk'
  Clock period: 6.438ns (frequency: 155.317MHz)
  Total number of paths / destination ports: 1054 / 54
-------------------------------------------------------------------------
Delay:               6.438ns (Levels of Logic = 8)
  Source:            divider_1/cuenta_5 (FF)
  Destination:       divider_1/cuenta_0 (FF)
  Source Clock:      clk rising
  Destination Clock: clk rising

  Data Path: divider_1/cuenta_5 to divider_1/cuenta_0
                                Gate     Net
    Cell:in->out      fanout   Delay   Delay  Logical Name (Net Name)
    ----------------------------------------  ------------
     FDR:C->Q              2   0.720   1.216  divider_1/cuenta_5 (divider_1/cuenta_5)
     LUT2:I0->O            1   0.551   0.000  divider_1/cuenta_cmp_eq0000_wg_lut<0> (divider_1/cuenta_cmp_eq0000_wg_lut<0>)
     MUXCY:S->O            1   0.500   0.000  divider_1/cuenta_cmp_eq0000_wg_cy<0> (divider_1/cuenta_cmp_eq0000_wg_cy<0>)
     MUXCY:CI->O           1   0.064   0.000  divider_1/cuenta_cmp_eq0000_wg_cy<1> (divider_1/cuenta_cmp_eq0000_wg_cy<1>)
     MUXCY:CI->O           1   0.064   0.000  divider_1/cuenta_cmp_eq0000_wg_cy<2> (divider_1/cuenta_cmp_eq0000_wg_cy<2>)
     MUXCY:CI->O           1   0.064   0.000  divider_1/cuenta_cmp_eq0000_wg_cy<3> (divider_1/cuenta_cmp_eq0000_wg_cy<3>)
     MUXCY:CI->O           1   0.064   0.000  divider_1/cuenta_cmp_eq0000_wg_cy<4> (divider_1/cuenta_cmp_eq0000_wg_cy<4>)
     MUXCY:CI->O           1   0.064   0.000  divider_1/cuenta_cmp_eq0000_wg_cy<5> (divider_1/cuenta_cmp_eq0000_wg_cy<5>)
     MUXCY:CI->O          27   0.281   1.824  divider_1/cuenta_cmp_eq0000_wg_cy<6> (divider_1/cuenta_cmp_eq0000)
     FDR:R                     1.026          divider_1/cuenta_0
    ----------------------------------------
    Total                      6.438ns (3.398ns logic, 3.040ns route)
                                       (52.8% logic, 47.2% route)

=========================================================================
Timing constraint: Default period analysis for Clock 'divider_1/clk_aux'
  Clock period: 3.397ns (frequency: 294.377MHz)
  Total number of paths / destination ports: 16 / 10
-------------------------------------------------------------------------
Delay:               3.397ns (Levels of Logic = 2)
  Source:            ESTADO_ACT_FSM_FFd4 (FF)
  Destination:       ESTADO_ACT_FSM_FFd10 (FF)
  Source Clock:      divider_1/clk_aux rising
  Destination Clock: divider_1/clk_aux rising

  Data Path: ESTADO_ACT_FSM_FFd4 to ESTADO_ACT_FSM_FFd10
                                Gate     Net
    Cell:in->out      fanout   Delay   Delay  Logical Name (Net Name)
    ----------------------------------------  ------------
     FDR:C->Q              3   0.720   1.246  ESTADO_ACT_FSM_FFd4 (ESTADO_ACT_FSM_FFd4)
     LUT2_L:I0->LO         1   0.551   0.126  ESTADO_ACT_FSM_FFd10-In_SW0 (N11)
     LUT4:I3->O            1   0.551   0.000  ESTADO_ACT_FSM_FFd10-In (ESTADO_ACT_FSM_FFd10-In)
     FDS:D                     0.203          ESTADO_ACT_FSM_FFd10
    ----------------------------------------
    Total                      3.397ns (2.025ns logic, 1.372ns route)
                                       (59.6% logic, 40.4% route)

=========================================================================
Timing constraint: Default OFFSET IN BEFORE for Clock 'divider_1/clk_aux'
  Total number of paths / destination ports: 21 / 18
-------------------------------------------------------------------------
Offset:              2.981ns (Levels of Logic = 1)
  Source:            rst (PAD)
  Destination:       ESTADO_ACT_FSM_FFd3 (FF)
  Destination Clock: divider_1/clk_aux rising

  Data Path: rst to ESTADO_ACT_FSM_FFd3
                                Gate     Net
    Cell:in->out      fanout   Delay   Delay  Logical Name (Net Name)
    ----------------------------------------  ------------
     IBUF:I->O            10   0.821   1.134  rst_IBUF (rst_IBUF)
     FDR:R                     1.026          ESTADO_ACT_FSM_FFd3
    ----------------------------------------
    Total                      2.981ns (1.847ns logic, 1.134ns route)
                                       (62.0% logic, 38.0% route)

=========================================================================
Timing constraint: Default OFFSET OUT AFTER for Clock 'divider_1/clk_aux'
  Total number of paths / destination ports: 4 / 4
-------------------------------------------------------------------------
Offset:              7.271ns (Levels of Logic = 1)
  Source:            ESTADO_ACT_FSM_FFd2 (FF)
  Destination:       luces<2> (PAD)
  Source Clock:      divider_1/clk_aux rising

  Data Path: ESTADO_ACT_FSM_FFd2 to luces<2>
                                Gate     Net
    Cell:in->out      fanout   Delay   Delay  Logical Name (Net Name)
    ----------------------------------------  ------------
     FDR:C->Q              3   0.720   0.907  ESTADO_ACT_FSM_FFd2 (ESTADO_ACT_FSM_FFd2)
     OBUF:I->O                 5.644          luces_2_OBUF (luces<2>)
    ----------------------------------------
    Total                      7.271ns (6.364ns logic, 0.907ns route)
                                       (87.5% logic, 12.5% route)

=========================================================================


Total REAL time to Xst completion: 6.00 secs
Total CPU time to Xst completion: 6.08 secs
 
--> 

Total memory usage is 259572 kilobytes

Number of errors   :    0 (   0 filtered)
Number of warnings :    0 (   0 filtered)
Number of infos    :    1 (   0 filtered)

