PH definition NULL C:/hlocal/EjerciciosTOC/Practica3amod/definition.vhd sub00/vhpl02 1510655535
AR iter behavioral C:/hlocal/EjerciciosTOC/Practica3amod/iter.vhd sub00/vhpl01 1510655131
EN iterative_1d NULL C:/hlocal/EjerciciosTOC/Practica3amod/iterative_1D.vhd sub00/vhpl06 1510655496
PB definition definition C:/hlocal/EjerciciosTOC/Practica3amod/definition.vhd sub00/vhpl03 1510655536
EN iter NULL C:/hlocal/EjerciciosTOC/Practica3amod/iter.vhd sub00/vhpl00 1510655130
EN cell NULL C:/hlocal/EjerciciosTOC/Practica3amod/cell.vhd sub00/vhpl04 1510655537
AR iterative_1d behavioral C:/hlocal/EjerciciosTOC/Practica3amod/iterative_1D.vhd sub00/vhpl07 1510655497
AR cell behavioral C:/hlocal/EjerciciosTOC/Practica3amod/cell.vhd sub00/vhpl05 1510655538
