V3 13
FL C:/hlocal/EjerciciosTOC/Practica3amod/cell.vhd 2017/11/14.11:26:37 P.20131013
EN work/cell 1510655537 FL C:/hlocal/EjerciciosTOC/Practica3amod/cell.vhd \
      PB ieee/std_logic_1164 1381692176 PB ieee/NUMERIC_STD 1381692181 \
      PB work/definition 1510655536
AR work/cell/Behavioral 1510655538 \
      FL C:/hlocal/EjerciciosTOC/Practica3amod/cell.vhd EN work/cell 1510655537
FL C:/hlocal/EjerciciosTOC/Practica3amod/definition.vhd 2017/11/14.11:29:13 P.20131013
PH work/definition 1510655535 \
      FL C:/hlocal/EjerciciosTOC/Practica3amod/definition.vhd \
      PB ieee/std_logic_1164 1381692176 PB ieee/NUMERIC_STD 1381692181
PB work/definition 1510655536 \
      FL C:/hlocal/EjerciciosTOC/Practica3amod/definition.vhd PH work/definition 1510655535
FL C:/hlocal/EjerciciosTOC/Practica3amod/iter.vhd 2017/11/14.11:24:50 P.20131013
EN work/iter 1510655130 FL C:/hlocal/EjerciciosTOC/Practica3amod/iter.vhd \
      PB ieee/std_logic_1164 1381692176
AR work/iter/Behavioral 1510655131 \
      FL C:/hlocal/EjerciciosTOC/Practica3amod/iter.vhd EN work/iter 1510655130
FL C:/hlocal/EjerciciosTOC/Practica3amod/iterative_1D.vhd 2017/11/14.11:31:27 P.20131013
EN work/iterative_1D 1510655496 \
      FL C:/hlocal/EjerciciosTOC/Practica3amod/iterative_1D.vhd \
      PB ieee/std_logic_1164 1381692176 PB work/definition 1510655536
AR work/iterative_1D/Behavioral 1510655497 \
      FL C:/hlocal/EjerciciosTOC/Practica3amod/iterative_1D.vhd \
      EN work/iterative_1D 1510655496 CP cell
